╭─────────────────────────────────────── 🌊 Flow Execution ────────────────────────────────────────╮
│                                                                                                  │
│  Starting Flow Execution                                                                         │
│  Name: MinimalFlow                                                                               │
│  ID: 03d9407b-890f-47d3-8124-71b5fa0ee044                                                        │
│                                                                                                  │
│                                                                                                  │
╰──────────────────────────────────────────────────────────────────────────────────────────────────╯

╭──────────────────────────────────────── 🌊 Flow Started ─────────────────────────────────────────╮
│                                                                                                  │
│  Flow Started                                                                                    │
│  Name: MinimalFlow                                                                               │
│  ID: 03d9407b-890f-47d3-8124-71b5fa0ee044                                                        │
│                                                                                                  │
│                                                                                                  │
╰──────────────────────────────────────────────────────────────────────────────────────────────────╯

╭───────────────────────────────────── 🔄 Flow Method Running ─────────────────────────────────────╮
│                                                                                                  │
│  Method: first                                                                                   │
│  Status: Running                                                                                 │
│                                                                                                  │
│                                                                                                  │
╰──────────────────────────────────────────────────────────────────────────────────────────────────╯

╭──────────────────────────────────── ✅ Flow Method Completed ────────────────────────────────────╮
│                                                                                                  │
│  Method: first                                                                                   │
│  Status: Completed                                                                               │
│                                                                                                  │
│                                                                                                  │
╰──────────────────────────────────────────────────────────────────────────────────────────────────╯

╭───────────────────────────────────── 🔄 Flow Method Running ─────────────────────────────────────╮
│                                                                                                  │
│  Method: second                                                                                  │
│  Status: Running                                                                                 │
│                                                                                                  │
│                                                                                                  │
╰──────────────────────────────────────────────────────────────────────────────────────────────────╯

╭──────────────────────────────────── ✅ Flow Method Completed ────────────────────────────────────╮
│                                                                                                  │
│  Method: second                                                                                  │
│  Status: Completed                                                                               │
│                                                                                                  │
│                                                                                                  │
╰──────────────────────────────────────────────────────────────────────────────────────────────────╯

╭─────────────────────────────────────── ✅ Flow Completion ───────────────────────────────────────╮
│                                                                                                  │
│  Flow Execution Completed                                                                        │
│  Name: MinimalFlow                                                                               │
│  ID: 03d9407b-890f-47d3-8124-71b5fa0ee044                                                        │
│                                                                                                  │
│                                                                                                  │
╰──────────────────────────────────────────────────────────────────────────────────────────────────╯

{"result": {"trace": ["first", "second"], "value": 2}, "status": "pass", "test_id": "CR-FLOW-001"}
