[INFO] Starting DDEV and rebuilding Drupal's container...
Starting harness...
[33mCustom configuration detected in project 'harness':
  • Environment: /home/dhouse109/projects/agentic-harness-lab/drupal/.ddev/.env.web

Custom configuration is updated on restart. Run 'ddev restart' if changes don't take effect.
Add '#ddev-silent-no-warn' comment to files if you don't want to see these warnings.[0m
Building project images.... Image ddev/ddev-webserver:v1.25.3-harness-built Building 
 Image ddev/ddev-dbserver-mariadb-11.8:v1.25.3-harness-built Building 
. Image ddev/ddev-dbserver-mariadb-11.8:v1.25.3-harness-built Built 
 Image ddev/ddev-webserver:v1.25.3-harness-built Built 

[32mProject images built in 3s.[0m
 Container ddev-harness-db Recreate 
 Container ddev-harness-web Recreate 
 Container ddev-harness-web Recreated 
 Container ddev-harness-db Recreated 
 Container ddev-harness-web Starting 
 Container ddev-harness-db Starting 
 Container ddev-harness-db Started 
 Container ddev-harness-web Started 
Waiting for containers to become ready: [web db]... ready in 4.5s
ddev-router already running, pushing new config...
[32mSuccessfully started harness[0m
[32mYour project can be reached at https://harness.ddev.site
See 'ddev describe' for alternate URLs.[0m
No syntax errors detected in web/modules/custom/agentic_harness_tools/src/Controller/ToolController.php
No syntax errors detected in web/modules/custom/agentic_harness_tools/src/Exception/ImageContextException.php
No syntax errors detected in web/modules/custom/agentic_harness_tools/src/Service/ImageContextProvider.php
 [success] Cache rebuild complete.
{
    "status": "pass",
    "route": "/api/agentic-harness/v1/image-context",
    "methods": [
        "POST"
    ],
    "permission": "use agentic harness discovery tools",
    "agent_allowed": true,
    "editor_denied": true
}[INFO] Confirming retained Gate 0.5 Step 01 evidence remains valid...
{
  "canonical_target_sequence": 1,
  "contract_hashes_match": true,
  "next_step": "Gate 0.5 Step 02 \u2014 deterministic get_image_context(target)",
  "run_id": "gate05-step01-20260804T183655Z-888009",
  "status": "pass",
  "target_sequence_sha256": "1f6132da02069f825cde52500242350e9ad6e85537c6c5407677e82d0e653728"
}
[INFO] Running a direct redacted provider smoke test...
{
    "status": "pass",
    "target_sequence": 1,
    "representation_kind": "data_url",
    "representation_value_retained": false,
    "image_sha256": "49bdc7c2d792d5839bc36576b6f2de7fb7fa6f6633967ed3a5bbb541cf9676d5",
    "image_byte_length": 4490,
    "evidence_hash": "sha256:9949b114fb2463bade7ac81261740fa64ff4821f873ce1b3576bff9105cbae82"
}[OK] Gate 0.5 Step 02 setup passed.
