[INFO] Confirming retained Gate 0.5 evidence lineage...
{
  "canonical_target_sequence": 1,
  "contract_hashes_match": true,
  "next_step": "Gate 0.5 Step 02 \u2014 deterministic get_image_context(target)",
  "run_id": "gate05-step01-20260804T183655Z-888009",
  "status": "pass",
  "target_sequence_sha256": "1f6132da02069f825cde52500242350e9ad6e85537c6c5407677e82d0e653728"
}
{
  "canonical_target_sequence": 1,
  "context_evidence_hash": "sha256:9949b114fb2463bade7ac81261740fa64ff4821f873ce1b3576bff9105cbae82",
  "historical_implementation_hashes_used_as_current_gate": false,
  "image_sha256": "49bdc7c2d792d5839bc36576b6f2de7fb7fa6f6633967ed3a5bbb541cf9676d5",
  "operation": "get_image_context",
  "raw_image_retained": false,
  "retained_evidence_integrity": true,
  "status": "pass",
  "step01_run_id": "gate05-step01-20260804T183655Z-888009",
  "step02_run_id": "gate05-step02-20260804T191625Z-920936"
}
{
  "article_source_sha256": "f26227dfd17df97fe51d4e4c1c4c612032d0701fcbeaffc8aa816e1efc221c17",
  "canonical_target_sequence": 1,
  "controlled_preflight": true,
  "final_suggestion_count": 0,
  "framework_execution_claimed": false,
  "historical_implementation_hashes_used_as_current_gate": false,
  "idempotent_replay_same_identity": true,
  "operation": "submit_recommendation",
  "retained_evidence_integrity": true,
  "run_id": "gate05-step03-20260804T204600Z-969127",
  "status": "pass"
}
[INFO] Starting DDEV and rebuilding Drupal's container...
Starting harness...
[33mCustom configuration detected in project 'harness':
  • Environment: /home/dhouse109/projects/agentic-harness-lab/drupal/.ddev/.env.web

Custom configuration is updated on restart. Run 'ddev restart' if changes don't take effect.
Add '#ddev-silent-no-warn' comment to files if you don't want to see these warnings.[0m
Building project images.... Image ddev/ddev-webserver:v1.25.3-harness-built Building 
 Image ddev/ddev-dbserver-mariadb-11.8:v1.25.3-harness-built Building 
... Image ddev/ddev-dbserver-mariadb-11.8:v1.25.3-harness-built Built 
 Image ddev/ddev-webserver:v1.25.3-harness-built Built 

[32mProject images built in 5s.[0m
 Container ddev-harness-db Recreate 
 Container ddev-harness-web Recreate 
 Container ddev-harness-web Recreated 
 Container ddev-harness-db Recreated 
 Container ddev-harness-web Starting 
 Container ddev-harness-db Starting 
 Container ddev-harness-web Started 
 Container ddev-harness-db Started 
Waiting for containers to become ready: [web db]... ready in 11.6s
ddev-router already running, pushing new config...
[32mSuccessfully started harness[0m
[32mYour project can be reached at https://harness.ddev.site
See 'ddev describe' for alternate URLs.[0m
No syntax errors detected in web/modules/custom/agentic_harness_tools/src/Controller/ToolController.php
No syntax errors detected in web/modules/custom/agentic_harness_tools/src/Exception/RecommendationStatusException.php
No syntax errors detected in web/modules/custom/agentic_harness_tools/src/Service/RecommendationStatusProvider.php
No syntax errors detected in scripts/gate05-step04.php
 [success] Cache rebuild complete.
{
    "status": "pass",
    "route": "/api/agentic-harness/v1/recommendations/{recommendation_id}/status",
    "methods": [
        "GET"
    ],
    "permission": "use agentic harness discovery tools",
    "agent_can_read_status": true,
    "editor_cannot_read_agent_status_route": true,
    "review_saves_create_revisions": true
}[INFO] Confirming Step 04 preserves the passing Step 02 context semantics...
{
    "status": "pass",
    "target_sequence": 1,
    "image_sha256": "49bdc7c2d792d5839bc36576b6f2de7fb7fa6f6633967ed3a5bbb541cf9676d5",
    "evidence_hash": "sha256:9949b114fb2463bade7ac81261740fa64ff4821f873ce1b3576bff9105cbae82",
    "matches_passing_step02_evidence": true,
    "representation_value_retained": false
}[OK] Gate 0.5 Step 04 setup passed.
