[INFO] Confirming the complete retained Gate 0.5 substrate lineage...
{
  "approved_transition": "shared/schemas/tool-result.schema.json",
  "baseline_sha256": "ce29b82eaf9e3ddba9cf92b28f76a522a3438c743aa0955611bad2f16fd569d8",
  "other_step01_contract_hashes_changed": [],
  "repaired_sha256": "ce04e938eb4e34e861c000b86fffeed4adc5e5c66167c52ebf5380b8cd3cd91b",
  "status": "pass"
}
{
  "canonical_target_sequence": 1,
  "contract_hashes_match": true,
  "next_step": "Gate 0.5 Step 02 \u2014 deterministic get_image_context(target)",
  "run_id": "tmp.HwAHYo3QCQ",
  "status": "pass",
  "target_sequence_sha256": "1f6132da02069f825cde52500242350e9ad6e85537c6c5407677e82d0e653728"
}
{
  "canonical_target_sequence": 1,
  "context_evidence_hash": "sha256:9949b114fb2463bade7ac81261740fa64ff4821f873ce1b3576bff9105cbae82",
  "historical_implementation_hashes_used_as_current_gate": false,
  "image_sha256": "49bdc7c2d792d5839bc36576b6f2de7fb7fa6f6633967ed3a5bbb541cf9676d5",
  "operation": "get_image_context",
  "raw_image_retained": false,
  "retained_evidence_integrity": true,
  "status": "pass",
  "step01_run_id": "gate05-step01-20260804T183655Z-888009",
  "step02_run_id": "gate05-step02-20260804T191625Z-920936"
}
{
  "article_source_sha256": "f26227dfd17df97fe51d4e4c1c4c612032d0701fcbeaffc8aa816e1efc221c17",
  "canonical_target_sequence": 1,
  "controlled_preflight": true,
  "final_suggestion_count": 0,
  "framework_execution_claimed": false,
  "historical_implementation_hashes_used_as_current_gate": false,
  "idempotent_replay_same_identity": true,
  "operation": "submit_recommendation",
  "retained_evidence_integrity": true,
  "run_id": "gate05-step03-20260804T204600Z-969127",
  "status": "pass"
}
{
  "approved_transition": "shared/schemas/tool-result.schema.json",
  "baseline_sha256": "ce29b82eaf9e3ddba9cf92b28f76a522a3438c743aa0955611bad2f16fd569d8",
  "other_step04_implementation_hashes_changed": [],
  "repaired_sha256": "ce04e938eb4e34e861c000b86fffeed4adc5e5c66167c52ebf5380b8cd3cd91b",
  "status": "pass"
}
{
  "article_source_sha256": "877cd888fa41eb660b3e3cc0461bee04c0b92bef7e8f2f63fc56d9ec77adde32",
  "canonical_target_sequence": 1,
  "controlled_preflight": true,
  "final_suggestion_count": 0,
  "framework_execution_claimed": false,
  "human_decision": "approved",
  "implementation_hashes_match": true,
  "initial_revision_id": 21,
  "next_step": "Gate 0.5 Step 05 \u2014 end-to-end shared substrate certification and framework handoff",
  "operations": [
    "submit_recommendation",
    "get_recommendation_status"
  ],
  "reviewed_revision_id": 22,
  "reviewer_username": "editor_dana",
  "run_id": "tmp.ruqTZhpQ8d",
  "source_article_unchanged": true,
  "status": "pass",
  "status_operation_read_only": true
}
[INFO] Validating all retained Step 05 success envelopes against the frozen schemas...
{
  "all_four_operations_validated_per_run": true,
  "direct_get_image_context_envelopes_validated": 2,
  "draft": "2020-12",
  "jsonschema_version": "4.26.0",
  "nested_data_context_observed": false,
  "passing_runs_validated": [
    "gate05-step05-20260805T010224Z-1100690",
    "gate05-step05-20260805T174126Z-18681"
  ],
  "status": "pass",
  "success_envelopes_validated": 14
}
[INFO] Starting DDEV and rebuilding Drupal's container...
Docker error: permission denied while trying to connect to the docker API at unix:///var/run/docker.sock
For help go to: https://docs.ddev.com/en/stable/users/install/docker-installation/#troubleshooting-docker
