{
  "canonical_target_sequence": 1,
  "context_evidence_hash": "sha256:9949b114fb2463bade7ac81261740fa64ff4821f873ce1b3576bff9105cbae82",
  "historical_implementation_hashes_used_as_current_gate": false,
  "image_sha256": "49bdc7c2d792d5839bc36576b6f2de7fb7fa6f6633967ed3a5bbb541cf9676d5",
  "operation": "get_image_context",
  "raw_image_retained": false,
  "retained_evidence_integrity": true,
  "status": "pass",
  "step01_run_id": "gate05-step01-20260804T183655Z-888009",
  "step02_run_id": "gate05-step02-20260804T191625Z-920936"
}
[INFO] Starting DDEV and rebuilding Drupal's container...
Starting harness...
[33mCustom configuration detected in project 'harness':
  • Environment: /home/dhouse109/projects/agentic-harness-lab/drupal/.ddev/.env.web

Custom configuration is updated on restart. Run 'ddev restart' if changes don't take effect.
Add '#ddev-silent-no-warn' comment to files if you don't want to see these warnings.[0m
Building project images.... Image ddev/ddev-dbserver-mariadb-11.8:v1.25.3-harness-built Building 
 Image ddev/ddev-webserver:v1.25.3-harness-built Building 
... Image ddev/ddev-dbserver-mariadb-11.8:v1.25.3-harness-built Built 
 Image ddev/ddev-webserver:v1.25.3-harness-built Built 

[32mProject images built in 5s.[0m
 Container ddev-harness-db Recreate 
 Container ddev-harness-web Recreate 
 Container ddev-harness-web Recreated 
 Container ddev-harness-db Recreated 
 Container ddev-harness-web Starting 
 Container ddev-harness-db Starting 
 Container ddev-harness-db Started 
 Container ddev-harness-web Started 
Waiting for containers to become ready: [web db]... ready in 10.1s
ddev-router already running, pushing new config...
[32mSuccessfully started harness[0m
[32mYour project can be reached at https://harness.ddev.site
See 'ddev describe' for alternate URLs.[0m
No syntax errors detected in web/modules/custom/agentic_harness_tools/src/Controller/ToolController.php
No syntax errors detected in web/modules/custom/agentic_harness_tools/src/Exception/RecommendationSubmissionException.php
No syntax errors detected in web/modules/custom/agentic_harness_tools/src/Service/RecommendationValidator.php
No syntax errors detected in web/modules/custom/agentic_harness_tools/src/Service/RecommendationSubmitter.php
No syntax errors detected in scripts/gate05-step03.php
 [success] Cache rebuild complete.
{
    "status": "pass",
    "route": "/api/agentic-harness/v1/recommendations",
    "methods": [
        "POST"
    ],
    "permission": "create alt_text_suggestion content",
    "agent_can_create": true,
    "editor_cannot_create": true,
    "validator_version": "gate05-validator-1.0.0"
}[INFO] Confirming retained prior-gate summaries...
{
  "canonical_target_sequence": 1,
  "context_evidence_hash": "sha256:9949b114fb2463bade7ac81261740fa64ff4821f873ce1b3576bff9105cbae82",
  "historical_implementation_hashes_used_as_current_gate": false,
  "image_sha256": "49bdc7c2d792d5839bc36576b6f2de7fb7fa6f6633967ed3a5bbb541cf9676d5",
  "operation": "get_image_context",
  "raw_image_retained": false,
  "retained_evidence_integrity": true,
  "status": "pass",
  "step01_run_id": "gate05-step01-20260804T183655Z-888009",
  "step02_run_id": "gate05-step02-20260804T191625Z-920936"
}
[INFO] Confirming the additive Step 03 implementation preserves Step 02 semantics...
{
    "status": "pass",
    "target_sequence": 1,
    "representation_kind": "data_url",
    "representation_value_retained": false,
    "image_sha256": "49bdc7c2d792d5839bc36576b6f2de7fb7fa6f6633967ed3a5bbb541cf9676d5",
    "evidence_hash": "sha256:9949b114fb2463bade7ac81261740fa64ff4821f873ce1b3576bff9105cbae82",
    "matches_passing_step02_evidence": true
}[OK] Gate 0.5 Step 03 setup passed.
